Readyspace app.tsx(41,44): error TS2307: Cannot find module './firebase' or its corresponding type declarations.
Readyspace app.tsx(42,66): error TS2307: Cannot find module './services/leaderboard' or its corresponding type declarations.
Readyspace app.tsx(43,33): error TS2307: Cannot find module './components/Calculator' or its corresponding type declarations.
Readyspace app.tsx(44,24): error TS2307: Cannot find module './components/MathInline' or its corresponding type declarations.
Readyspace app.tsx(45,35): error TS2307: Cannot find module './data/questions' or its corresponding type declarations.
Readyspace app.tsx(46,32): error TS2307: Cannot find module './data/math_questions' or its corresponding type declarations.
Readyspace app.tsx(47,35): error TS2307: Cannot find module './data/physics_questions' or its corresponding type declarations.
Readyspace app.tsx(48,47): error TS2307: Cannot find module './types' or its corresponding type declarations.
